// Jest Snapshot v1, https://goo.gl/fbAQLP

exports[`App renders correctly 1`] = `
<div
  className="App"
>
  <header
    className="App-header"
  >
    <div
      className="router"
    >
      <div>
        <h3>
          Begin
        </h3>
      </div>
      <div>
        <button
          onClick={[Function]}
        >
          prev
        </button>
        <button
          onClick={[Function]}
        >
          next
        </button>
      </div>
    </div>
  </header>
</div>
`;

exports[`App renders snapshot 1`] = `
<div
  className="App"
>
  <header
    className="App-header"
  >
    <div
      className="router"
    >
      <div>
        <h3>
          Begin
        </h3>
      </div>
      <div>
        <button
          onClick={[Function]}
        >
          prev
        </button>
        <button
          onClick={[Function]}
        >
          next
        </button>
      </div>
    </div>
  </header>
</div>
`;

exports[`Tops renders snapshot 1`] = `
<div
  style={
    Object {
      "height": "100vh",
      "padding": "30px",
    }
  }
>
  <form
    onSubmit={[Function]}
  >
    <div>
      <input
        onChange={[Function]}
        type="text"
        value="redux"
      />
      <button
        type="submit"
      >
        Search
      </button>
    </div>
  </form>
  <ul
    style={
      Object {
        "maxHeight": "300px",
        "overflowY": "scroll",
      }
    }
  />
</div>
`;
